// Jest Snapshot v1, https://goo.gl/fbAQLP

exports[`front page hero renders correctly 1`] = `
<div
  className="container blue "
>
  <div
    className="titleContainer"
  >
    <p
      className="title"
    >
      Title
    </p>
  </div>
  <div
    className="imageContainer"
  >
    <img
      alt="some image"
      className="Banner"
      src="image.png"
    />
  </div>
  <div
    className="boxContainer"
  >
    <div
      className="AccentBox"
    >
      <ul>
        <a
          autoFocus={false}
          className=""
          onKeyPress={[Function]}
          onTouchTap={[Function]}
          tabIndex="0"
        >
          <li
            className="borderBox"
          >
            A
          </li>
        </a>
        <a
          autoFocus={false}
          className=""
          onKeyPress={[Function]}
          onTouchTap={[Function]}
          tabIndex="0"
        >
          <li
            className="borderBox"
          >
            B
          </li>
        </a>
      </ul>
      <img
        alt=""
        src="test-file-stub"
      />
    </div>
  </div>
</div>
`;
