// Jest Snapshot v1, https://goo.gl/fbAQLP

exports[`ProgramPage should display a Hero with an image 1`] = `ShallowWrapper {}`;

exports[`ProgramPage should display a Hero with no image 1`] = `ShallowWrapper {}`;

exports[`ProgramPage should render several common paragraphs 1`] = `ShallowWrapper {}`;
