// Jest Snapshot v1, https://goo.gl/fbAQLP

exports[`OHA Westlaw Form should render correctly 1`] = `
ShallowWrapper {
  "complexSelector": ComplexSelector {
    "buildPredicate": [Function],
    "childrenOfNode": [Function],
    "findWhereUnwrapped": [Function],
  },
  "length": 1,
  "node": <div
    id="westlaw-form"
  >
    <h2 />
    <form
      className="westlawForm"
      onSubmit={[Function]}
    >
      <div
        id="appealNumber"
      >
        <h3>
          Search by Appeal Number
        </h3>
        <label>
          Enter numeric portion only:
          <input
            id="appeal-number-textbox"
            name="appealNumber"
            onChange={[Function]}
            type="number"
            value=""
          />
          <span
            className="example"
          >
            Example: 5248
          </span>
        </label>
        <Button
          id="appeal-number-submit"
          primary={true}
          responsive={true}
          spacing={true}
          type="submit"
        >
          Go
        </Button>
      </div>
    </form>
    <form
      className="westlawForm"
      onSubmit={[Function]}
    >
      <div
        id="appellantName"
      >
        <h3>
          Search by Appellant Name
        </h3>
        <label>
          Enter name:
          <input
            id="appellant-name-textbox"
            name="appellantName"
            onChange={[Function]}
            required={true}
            type="text"
            value=""
          />
          <span
            className="example"
          >
            Examples: ACME "Secure Network Systems"
          </span>
        </label>
        <Button
          id="appellant-name-submit"
          primary={true}
          responsive={true}
          spacing={true}
          type="submit"
        >
          Go
        </Button>
      </div>
    </form>
    <form
      className="westlawForm"
      onSubmit={[Function]}
    >
      <div
        id="winText"
      >
        <h3>
          Plain text search
        </h3>
        <label>
          Enter search terms:
          <input
            id="win-textbox"
            name="winText"
            onChange={[Function]}
            required={true}
            type="text"
            value=""
          />
          <span
            className="example"
          >
            Example: ostensible subcontractor
          </span>
        </label>
        <Button
          id="win-text-submit"
          primary={true}
          responsive={true}
          spacing={true}
          type="submit"
        >
          Go
        </Button>
      </div>
    </form>
    <form
      className="westlawForm"
      onSubmit={[Function]}
    >
      <div
        id="tncText"
      >
        <h3>
          Boolean search with field limits
        </h3>
        <label>
          Enter search terms:
          <input
            id="tnc-textbox"
            name="tncText"
            onChange={[Function]}
            required={true}
            type="text"
            value=""
          />
          <span
            className="example"
          >
            Example: 134.202(d)      non-manufacture      "ostensible subcontractor"
          </span>
        </label>
        <MultiSelectBox
          autoFocus={false}
          className="multiselect"
          dataCy=""
          disabled={false}
          errorText=""
          id="tnc-decision-type-select"
          label="Decision type (optional)"
          maxValues={3}
          multi={false}
          name="tncDecisionType"
          onBlur={[Function]}
          onChange={[Function]}
          onFocus={[Function]}
          options={
            Array [
              Object {
                "label": "All",
                "value": "",
              },
              Object {
                "label": "8(a) Business Development",
                "value": "BDP! MSB!",
              },
              Object {
                "label": "Development Company",
                "value": "DEV",
              },
              Object {
                "label": "Economically-Disadvantaged Women-Owned Small Business",
                "value": "WOSB!",
              },
              Object {
                "label": "NAICS & SIC",
                "value": "NAI! SIC!",
              },
              Object {
                "label": "Service-Disabled Veteran Owned Small Business Concern",
                "value": "VET! SDV!",
              },
              Object {
                "label": "Size Decisions",
                "value": "SIZ!",
              },
              Object {
                "label": "Small Disadvantaged Business Decisions",
                "value": "SDB!",
              },
              Object {
                "label": "Women's Business Center",
                "value": "WBC",
              },
              Object {
                "label": "Women-Owned Small Business",
                "value": "WOSB!",
              },
            ]
          }
          validationState=""
          value=""
        />
        <MultiSelectBox
          autoFocus={false}
          className="multiselect"
          dataCy=""
          disabled={false}
          errorText=""
          id="tnc-date-select"
          label="Date Restriction (optional)"
          maxValues={3}
          multi={false}
          name="tncDate"
          onBlur={[Function]}
          onChange={[Function]}
          onFocus={[Function]}
          options={
            Array [
              Object {
                "label": "None",
                "value": "",
              },
              Object {
                "label": "Last 3 Months",
                "value": "last 3 months",
              },
              Object {
                "label": "Last 6 Months",
                "value": "last 6 months",
              },
              Object {
                "label": "Last 1 Year",
                "value": "last 1 year",
              },
              Object {
                "label": "Last 3 Years",
                "value": "last 3 years",
              },
              Object {
                "label": "Last 10 Years",
                "value": "last 10 years",
              },
            ]
          }
          validationState=""
          value=""
        />
        <Button
          id="tnc-text-submit"
          primary={true}
          responsive={true}
          spacing={true}
          type="submit"
        >
          Go
        </Button>
      </div>
    </form>
  </div>,
  "nodes": Array [
    <div
      id="westlaw-form"
    >
      <h2 />
      <form
        className="westlawForm"
        onSubmit={[Function]}
      >
        <div
          id="appealNumber"
        >
          <h3>
            Search by Appeal Number
          </h3>
          <label>
            Enter numeric portion only:
            <input
              id="appeal-number-textbox"
              name="appealNumber"
              onChange={[Function]}
              type="number"
              value=""
            />
            <span
              className="example"
            >
              Example: 5248
            </span>
          </label>
          <Button
            id="appeal-number-submit"
            primary={true}
            responsive={true}
            spacing={true}
            type="submit"
          >
            Go
          </Button>
        </div>
      </form>
      <form
        className="westlawForm"
        onSubmit={[Function]}
      >
        <div
          id="appellantName"
        >
          <h3>
            Search by Appellant Name
          </h3>
          <label>
            Enter name:
            <input
              id="appellant-name-textbox"
              name="appellantName"
              onChange={[Function]}
              required={true}
              type="text"
              value=""
            />
            <span
              className="example"
            >
              Examples: ACME "Secure Network Systems"
            </span>
          </label>
          <Button
            id="appellant-name-submit"
            primary={true}
            responsive={true}
            spacing={true}
            type="submit"
          >
            Go
          </Button>
        </div>
      </form>
      <form
        className="westlawForm"
        onSubmit={[Function]}
      >
        <div
          id="winText"
        >
          <h3>
            Plain text search
          </h3>
          <label>
            Enter search terms:
            <input
              id="win-textbox"
              name="winText"
              onChange={[Function]}
              required={true}
              type="text"
              value=""
            />
            <span
              className="example"
            >
              Example: ostensible subcontractor
            </span>
          </label>
          <Button
            id="win-text-submit"
            primary={true}
            responsive={true}
            spacing={true}
            type="submit"
          >
            Go
          </Button>
        </div>
      </form>
      <form
        className="westlawForm"
        onSubmit={[Function]}
      >
        <div
          id="tncText"
        >
          <h3>
            Boolean search with field limits
          </h3>
          <label>
            Enter search terms:
            <input
              id="tnc-textbox"
              name="tncText"
              onChange={[Function]}
              required={true}
              type="text"
              value=""
            />
            <span
              className="example"
            >
              Example: 134.202(d)      non-manufacture      "ostensible subcontractor"
            </span>
          </label>
          <MultiSelectBox
            autoFocus={false}
            className="multiselect"
            dataCy=""
            disabled={false}
            errorText=""
            id="tnc-decision-type-select"
            label="Decision type (optional)"
            maxValues={3}
            multi={false}
            name="tncDecisionType"
            onBlur={[Function]}
            onChange={[Function]}
            onFocus={[Function]}
            options={
              Array [
                Object {
                  "label": "All",
                  "value": "",
                },
                Object {
                  "label": "8(a) Business Development",
                  "value": "BDP! MSB!",
                },
                Object {
                  "label": "Development Company",
                  "value": "DEV",
                },
                Object {
                  "label": "Economically-Disadvantaged Women-Owned Small Business",
                  "value": "WOSB!",
                },
                Object {
                  "label": "NAICS & SIC",
                  "value": "NAI! SIC!",
                },
                Object {
                  "label": "Service-Disabled Veteran Owned Small Business Concern",
                  "value": "VET! SDV!",
                },
                Object {
                  "label": "Size Decisions",
                  "value": "SIZ!",
                },
                Object {
                  "label": "Small Disadvantaged Business Decisions",
                  "value": "SDB!",
                },
                Object {
                  "label": "Women's Business Center",
                  "value": "WBC",
                },
                Object {
                  "label": "Women-Owned Small Business",
                  "value": "WOSB!",
                },
              ]
            }
            validationState=""
            value=""
          />
          <MultiSelectBox
            autoFocus={false}
            className="multiselect"
            dataCy=""
            disabled={false}
            errorText=""
            id="tnc-date-select"
            label="Date Restriction (optional)"
            maxValues={3}
            multi={false}
            name="tncDate"
            onBlur={[Function]}
            onChange={[Function]}
            onFocus={[Function]}
            options={
              Array [
                Object {
                  "label": "None",
                  "value": "",
                },
                Object {
                  "label": "Last 3 Months",
                  "value": "last 3 months",
                },
                Object {
                  "label": "Last 6 Months",
                  "value": "last 6 months",
                },
                Object {
                  "label": "Last 1 Year",
                  "value": "last 1 year",
                },
                Object {
                  "label": "Last 3 Years",
                  "value": "last 3 years",
                },
                Object {
                  "label": "Last 10 Years",
                  "value": "last 10 years",
                },
              ]
            }
            validationState=""
            value=""
          />
          <Button
            id="tnc-text-submit"
            primary={true}
            responsive={true}
            spacing={true}
            type="submit"
          >
            Go
          </Button>
        </div>
      </form>
    </div>,
  ],
  "options": Object {},
  "renderer": ReactShallowRenderer {
    "_instance": ShallowComponentWrapper {
      "_calledComponentWillUnmount": false,
      "_compositeType": 0,
      "_context": Object {},
      "_currentElement": <OHAWestlawForm />,
      "_debugID": 1,
      "_hostContainerInfo": null,
      "_hostParent": null,
      "_instance": OHAWestlawForm {
        "_reactInternalInstance": [Circular],
        "context": Object {},
        "props": Object {},
        "refs": Object {},
        "state": Object {
          "appealNumber": "",
          "appellantName": "",
          "tncDate": "",
          "tncDecisionType": "",
          "tncText": "",
          "winText": "",
        },
        "updater": Object {
          "enqueueCallback": [Function],
          "enqueueCallbackInternal": [Function],
          "enqueueElementInternal": [Function],
          "enqueueForceUpdate": [Function],
          "enqueueReplaceState": [Function],
          "enqueueSetState": [Function],
          "isMounted": [Function],
          "validateCallback": [Function],
        },
      },
      "_mountOrder": 1,
      "_pendingCallbacks": null,
      "_pendingElement": null,
      "_pendingForceUpdate": false,
      "_pendingReplaceState": false,
      "_pendingStateQueue": null,
      "_renderedComponent": NoopInternalComponent {
        "_currentElement": <div
          id="westlaw-form"
        >
          <h2 />
          <form
            className="westlawForm"
            onSubmit={[Function]}
          >
            <div
              id="appealNumber"
            >
              <h3>
                Search by Appeal Number
              </h3>
              <label>
                Enter numeric portion only:
                <input
                  id="appeal-number-textbox"
                  name="appealNumber"
                  onChange={[Function]}
                  type="number"
                  value=""
                />
                <span
                  className="example"
                >
                  Example: 5248
                </span>
              </label>
              <Button
                id="appeal-number-submit"
                primary={true}
                responsive={true}
                spacing={true}
                type="submit"
              >
                Go
              </Button>
            </div>
          </form>
          <form
            className="westlawForm"
            onSubmit={[Function]}
          >
            <div
              id="appellantName"
            >
              <h3>
                Search by Appellant Name
              </h3>
              <label>
                Enter name:
                <input
                  id="appellant-name-textbox"
                  name="appellantName"
                  onChange={[Function]}
                  required={true}
                  type="text"
                  value=""
                />
                <span
                  className="example"
                >
                  Examples: ACME "Secure Network Systems"
                </span>
              </label>
              <Button
                id="appellant-name-submit"
                primary={true}
                responsive={true}
                spacing={true}
                type="submit"
              >
                Go
              </Button>
            </div>
          </form>
          <form
            className="westlawForm"
            onSubmit={[Function]}
          >
            <div
              id="winText"
            >
              <h3>
                Plain text search
              </h3>
              <label>
                Enter search terms:
                <input
                  id="win-textbox"
                  name="winText"
                  onChange={[Function]}
                  required={true}
                  type="text"
                  value=""
                />
                <span
                  className="example"
                >
                  Example: ostensible subcontractor
                </span>
              </label>
              <Button
                id="win-text-submit"
                primary={true}
                responsive={true}
                spacing={true}
                type="submit"
              >
                Go
              </Button>
            </div>
          </form>
          <form
            className="westlawForm"
            onSubmit={[Function]}
          >
            <div
              id="tncText"
            >
              <h3>
                Boolean search with field limits
              </h3>
              <label>
                Enter search terms:
                <input
                  id="tnc-textbox"
                  name="tncText"
                  onChange={[Function]}
                  required={true}
                  type="text"
                  value=""
                />
                <span
                  className="example"
                >
                  Example: 134.202(d)      non-manufacture      "ostensible subcontractor"
                </span>
              </label>
              <MultiSelectBox
                autoFocus={false}
                className="multiselect"
                dataCy=""
                disabled={false}
                errorText=""
                id="tnc-decision-type-select"
                label="Decision type (optional)"
                maxValues={3}
                multi={false}
                name="tncDecisionType"
                onBlur={[Function]}
                onChange={[Function]}
                onFocus={[Function]}
                options={
                  Array [
                    Object {
                      "label": "All",
                      "value": "",
                    },
                    Object {
                      "label": "8(a) Business Development",
                      "value": "BDP! MSB!",
                    },
                    Object {
                      "label": "Development Company",
                      "value": "DEV",
                    },
                    Object {
                      "label": "Economically-Disadvantaged Women-Owned Small Business",
                      "value": "WOSB!",
                    },
                    Object {
                      "label": "NAICS & SIC",
                      "value": "NAI! SIC!",
                    },
                    Object {
                      "label": "Service-Disabled Veteran Owned Small Business Concern",
                      "value": "VET! SDV!",
                    },
                    Object {
                      "label": "Size Decisions",
                      "value": "SIZ!",
                    },
                    Object {
                      "label": "Small Disadvantaged Business Decisions",
                      "value": "SDB!",
                    },
                    Object {
                      "label": "Women's Business Center",
                      "value": "WBC",
                    },
                    Object {
                      "label": "Women-Owned Small Business",
                      "value": "WOSB!",
                    },
                  ]
                }
                validationState=""
                value=""
              />
              <MultiSelectBox
                autoFocus={false}
                className="multiselect"
                dataCy=""
                disabled={false}
                errorText=""
                id="tnc-date-select"
                label="Date Restriction (optional)"
                maxValues={3}
                multi={false}
                name="tncDate"
                onBlur={[Function]}
                onChange={[Function]}
                onFocus={[Function]}
                options={
                  Array [
                    Object {
                      "label": "None",
                      "value": "",
                    },
                    Object {
                      "label": "Last 3 Months",
                      "value": "last 3 months",
                    },
                    Object {
                      "label": "Last 6 Months",
                      "value": "last 6 months",
                    },
                    Object {
                      "label": "Last 1 Year",
                      "value": "last 1 year",
                    },
                    Object {
                      "label": "Last 3 Years",
                      "value": "last 3 years",
                    },
                    Object {
                      "label": "Last 10 Years",
                      "value": "last 10 years",
                    },
                  ]
                }
                validationState=""
                value=""
              />
              <Button
                id="tnc-text-submit"
                primary={true}
                responsive={true}
                spacing={true}
                type="submit"
              >
                Go
              </Button>
            </div>
          </form>
        </div>,
        "_debugID": 2,
        "_renderedOutput": <div
          id="westlaw-form"
        >
          <h2 />
          <form
            className="westlawForm"
            onSubmit={[Function]}
          >
            <div
              id="appealNumber"
            >
              <h3>
                Search by Appeal Number
              </h3>
              <label>
                Enter numeric portion only:
                <input
                  id="appeal-number-textbox"
                  name="appealNumber"
                  onChange={[Function]}
                  type="number"
                  value=""
                />
                <span
                  className="example"
                >
                  Example: 5248
                </span>
              </label>
              <Button
                id="appeal-number-submit"
                primary={true}
                responsive={true}
                spacing={true}
                type="submit"
              >
                Go
              </Button>
            </div>
          </form>
          <form
            className="westlawForm"
            onSubmit={[Function]}
          >
            <div
              id="appellantName"
            >
              <h3>
                Search by Appellant Name
              </h3>
              <label>
                Enter name:
                <input
                  id="appellant-name-textbox"
                  name="appellantName"
                  onChange={[Function]}
                  required={true}
                  type="text"
                  value=""
                />
                <span
                  className="example"
                >
                  Examples: ACME "Secure Network Systems"
                </span>
              </label>
              <Button
                id="appellant-name-submit"
                primary={true}
                responsive={true}
                spacing={true}
                type="submit"
              >
                Go
              </Button>
            </div>
          </form>
          <form
            className="westlawForm"
            onSubmit={[Function]}
          >
            <div
              id="winText"
            >
              <h3>
                Plain text search
              </h3>
              <label>
                Enter search terms:
                <input
                  id="win-textbox"
                  name="winText"
                  onChange={[Function]}
                  required={true}
                  type="text"
                  value=""
                />
                <span
                  className="example"
                >
                  Example: ostensible subcontractor
                </span>
              </label>
              <Button
                id="win-text-submit"
                primary={true}
                responsive={true}
                spacing={true}
                type="submit"
              >
                Go
              </Button>
            </div>
          </form>
          <form
            className="westlawForm"
            onSubmit={[Function]}
          >
            <div
              id="tncText"
            >
              <h3>
                Boolean search with field limits
              </h3>
              <label>
                Enter search terms:
                <input
                  id="tnc-textbox"
                  name="tncText"
                  onChange={[Function]}
                  required={true}
                  type="text"
                  value=""
                />
                <span
                  className="example"
                >
                  Example: 134.202(d)      non-manufacture      "ostensible subcontractor"
                </span>
              </label>
              <MultiSelectBox
                autoFocus={false}
                className="multiselect"
                dataCy=""
                disabled={false}
                errorText=""
                id="tnc-decision-type-select"
                label="Decision type (optional)"
                maxValues={3}
                multi={false}
                name="tncDecisionType"
                onBlur={[Function]}
                onChange={[Function]}
                onFocus={[Function]}
                options={
                  Array [
                    Object {
                      "label": "All",
                      "value": "",
                    },
                    Object {
                      "label": "8(a) Business Development",
                      "value": "BDP! MSB!",
                    },
                    Object {
                      "label": "Development Company",
                      "value": "DEV",
                    },
                    Object {
                      "label": "Economically-Disadvantaged Women-Owned Small Business",
                      "value": "WOSB!",
                    },
                    Object {
                      "label": "NAICS & SIC",
                      "value": "NAI! SIC!",
                    },
                    Object {
                      "label": "Service-Disabled Veteran Owned Small Business Concern",
                      "value": "VET! SDV!",
                    },
                    Object {
                      "label": "Size Decisions",
                      "value": "SIZ!",
                    },
                    Object {
                      "label": "Small Disadvantaged Business Decisions",
                      "value": "SDB!",
                    },
                    Object {
                      "label": "Women's Business Center",
                      "value": "WBC",
                    },
                    Object {
                      "label": "Women-Owned Small Business",
                      "value": "WOSB!",
                    },
                  ]
                }
                validationState=""
                value=""
              />
              <MultiSelectBox
                autoFocus={false}
                className="multiselect"
                dataCy=""
                disabled={false}
                errorText=""
                id="tnc-date-select"
                label="Date Restriction (optional)"
                maxValues={3}
                multi={false}
                name="tncDate"
                onBlur={[Function]}
                onChange={[Function]}
                onFocus={[Function]}
                options={
                  Array [
                    Object {
                      "label": "None",
                      "value": "",
                    },
                    Object {
                      "label": "Last 3 Months",
                      "value": "last 3 months",
                    },
                    Object {
                      "label": "Last 6 Months",
                      "value": "last 6 months",
                    },
                    Object {
                      "label": "Last 1 Year",
                      "value": "last 1 year",
                    },
                    Object {
                      "label": "Last 3 Years",
                      "value": "last 3 years",
                    },
                    Object {
                      "label": "Last 10 Years",
                      "value": "last 10 years",
                    },
                  ]
                }
                validationState=""
                value=""
              />
              <Button
                id="tnc-text-submit"
                primary={true}
                responsive={true}
                spacing={true}
                type="submit"
              >
                Go
              </Button>
            </div>
          </form>
        </div>,
      },
      "_renderedNodeType": 0,
      "_rootNodeID": 0,
      "_topLevelWrapper": null,
      "_updateBatchNumber": null,
      "_warnedAboutRefsInRender": false,
    },
    "getRenderOutput": [Function],
    "render": [Function],
  },
  "root": [Circular],
  "unrendered": <OHAWestlawForm />,
}
`;
