exports[`test Navigation renders two buttons 1`] = `
<div
  className="text-center">
  <button
    className="btn btn-default"
    disabled={false}
    onClick={[Function]}
    type="button">
     Am I Ready?
  </button>
  <button
    className="btn btn-default"
    disabled={false}
    id="landing-page-button-find-lenders"
    onClick={[Function]}
    type="button">
     Find Lenders
  </button>
</div>
`;
