// Jest Snapshot v1, https://goo.gl/fbAQLP

exports[`Front Page Hero should render correctly 1`] = `
<footer
  className="footer"
  id="sba-footer"
>
  <div
    className="footerLinks"
  />
  <div
    className="tabletFooterLinks"
  >
    <ul
      className="pageLinkGroup"
      id="tablet-footer-group-1"
    >
      <li
        className="pageLink "
      >
        <a
          className="link "
          id="tablet-footer-group-1-0"
          onBlur={[Function]}
          onClick={[Function]}
          style={Object {}}
          target="_self"
        >
          What We Do
        </a>
      </li>
      <li
        className="pageLink "
      >
        <a
          className="link "
          id="tablet-footer-group-1-1"
          onBlur={[Function]}
          onClick={[Function]}
          style={Object {}}
          target="_self"
        >
          SBA Performance
        </a>
      </li>
      <li
        className="pageLink "
      >
        <a
          className="link "
          id="tablet-footer-group-1-2"
          onBlur={[Function]}
          onClick={[Function]}
          style={Object {}}
          target="_self"
        >
          Contact SBA
        </a>
      </li>
    </ul>
    <ul
      className="pageLinkGroup"
      id="tablet-footer-group-2"
    >
      <li
        className="pageLink "
      >
        <a
          className="link "
          id="tablet-footer-group-2-0"
          onBlur={[Function]}
          onClick={[Function]}
          style={Object {}}
          target="_self"
        >
          SBA Team
        </a>
      </li>
      <li
        className="pageLink "
      >
        <a
          className="link "
          id="tablet-footer-group-2-1"
          onBlur={[Function]}
          onClick={[Function]}
          style={Object {}}
          target="_self"
        >
          FOIA
        </a>
      </li>
      <li
        className="pageLink "
      >
        <a
          className="link "
          id="tablet-footer-group-2-2"
          onBlur={[Function]}
          onClick={[Function]}
          style={Object {}}
          target="_self"
        >
          Privacy Policy
        </a>
      </li>
    </ul>
    <ul
      className="pageLinkGroup"
      id="tablet-footer-group-3"
    >
      <li
        className="pageLink "
      >
        <a
          className="link "
          id="tablet-footer-group-3-0"
          onBlur={[Function]}
          onClick={[Function]}
          style={Object {}}
          target="_self"
        >
          Newsroom
        </a>
      </li>
      <li
        className="pageLink "
      >
        <a
          className="link "
          id="tablet-footer-group-3-1"
          onBlur={[Function]}
          onClick={[Function]}
          style={Object {}}
          target="_self"
        >
          Inspector General
        </a>
      </li>
      <li
        className="pageLink "
      >
        <a
          className="link "
          id="tablet-footer-group-3-2"
          onBlur={[Function]}
          onClick={[Function]}
          style={Object {}}
          target="_self"
        >
          SBA en Español
        </a>
      </li>
    </ul>
  </div>
  <div
    className="mobileFooterLinks"
  >
    <ul
      className="pageLinkGroup"
      id="mobile-footer-group-1"
    >
      <li
        className="pageLink "
      >
        <a
          className="link "
          id="mobile-footer-group-1-0"
          onBlur={[Function]}
          onClick={[Function]}
          style={Object {}}
          target="_self"
        >
          What We Do
        </a>
      </li>
      <li
        className="pageLink "
      >
        <a
          className="link "
          id="mobile-footer-group-1-1"
          onBlur={[Function]}
          onClick={[Function]}
          style={Object {}}
          target="_self"
        >
          Newsroom
        </a>
      </li>
      <li
        className="pageLink "
      >
        <a
          className="link "
          id="mobile-footer-group-1-2"
          onBlur={[Function]}
          onClick={[Function]}
          style={Object {}}
          target="_self"
        >
          FOIA
        </a>
      </li>
      <li
        className="pageLink "
      >
        <a
          className="link "
          id="mobile-footer-group-1-3"
          onBlur={[Function]}
          onClick={[Function]}
          style={Object {}}
          target="_self"
        >
          Contact SBA
        </a>
      </li>
      <li
        className="pageLink "
      >
        <a
          className="link "
          id="mobile-footer-group-1-4"
          onBlur={[Function]}
          onClick={[Function]}
          style={Object {}}
          target="_self"
        >
          SBA en Español
        </a>
      </li>
    </ul>
    <ul
      className="pageLinkGroup"
      id="mobile-footer-group-2"
    >
      <li
        className="pageLink "
      >
        <a
          className="link "
          id="mobile-footer-group-2-0"
          onBlur={[Function]}
          onClick={[Function]}
          style={Object {}}
          target="_self"
        >
          SBA Team
        </a>
      </li>
      <li
        className="pageLink "
      >
        <a
          className="link "
          id="mobile-footer-group-2-1"
          onBlur={[Function]}
          onClick={[Function]}
          style={Object {}}
          target="_self"
        >
          SBA Performance
        </a>
      </li>
      <li
        className="pageLink "
      >
        <a
          className="link "
          id="mobile-footer-group-2-2"
          onBlur={[Function]}
          onClick={[Function]}
          style={Object {}}
          target="_self"
        >
          Inspector General
        </a>
      </li>
      <li
        className="pageLink "
      >
        <a
          className="link "
          id="mobile-footer-group-2-3"
          onBlur={[Function]}
          onClick={[Function]}
          style={Object {}}
          target="_self"
        >
          Privacy Policy
        </a>
      </li>
      <li
        className="pageLink "
      >
        <a
          className="link "
          id="mobile-footer-group-2-4"
          onBlur={[Function]}
          onClick={[Function]}
          style={Object {}}
          target="_self"
        >
          Blog
        </a>
      </li>
    </ul>
  </div>
  <hr
    className="desktopRule"
  />
  <div
    className="subContainer"
  >
    <div
      className="SocialMediaLinkSet"
    >
      <span>
        <a
          href="javascript:void(0);"
          onClick={[Function]}
        >
          <img
            alt="SBA Facebook page"
            className="socialMediaIcons"
            src="test-file-stub"
          />
        </a>
      </span>
      <span>
        <a
          href="javascript:void(0);"
          onClick={[Function]}
        >
          <img
            alt="SBA Twitter page"
            className="socialMediaIcons"
            src="test-file-stub"
          />
        </a>
      </span>
      <span>
        <a
          href="javascript:void(0);"
          onClick={[Function]}
        >
          <img
            alt="SBA Youtube page"
            className="socialMediaIcons"
            src="test-file-stub"
          />
        </a>
      </span>
      <span>
        <a
          href="javascript:void(0);"
          onClick={[Function]}
        >
          <img
            alt="SBA Linked In page"
            className="socialMediaIcons"
            src="test-file-stub"
          />
        </a>
      </span>
      <span>
        <a
          href="javascript:void(0);"
          onClick={[Function]}
        >
          <img
            alt="SBA Instagram page"
            className="socialMediaIcons"
            src="test-file-stub"
          />
        </a>
      </span>
    </div>
    <form
      className="newsletter footer"
      data-testid="newsletter-form"
      onSubmit={[Function]}
    >
      <div>
        <p
          data-testid="newsletter-footer-title"
        >
          Sign up for SBA email updates
        </p>
        <div
          className="inputs"
        >
          <span
            className="buttonWrapper"
          >
            <a
              className="button alternate large link primary responsive spacing"
              data-testid="button"
              disabled={false}
              onClick={[Function]}
              style={Object {}}
              target="_self"
              type={null}
            >
              Subscribe
            </a>
          </span>
        </div>
      </div>
      <p
        aria-atomic="true"
        aria-live="assertive"
        className="ariaErrorMessage"
        data-testid="aria-error-message"
      >
        
      </p>
      <p
        aria-atomic="true"
        aria-live="assertive"
        className="ariaErrorMessage"
        data-testid="aria-error-message"
      >
        
      </p>
    </form>
    <hr
      className="mobileRule"
    />
    <div
      className="address"
    >
      <span
        className="name"
      >
        U.S. Small Business Administration
      </span>
      <span
        className="location"
      >
        409 3rd St, SW. Washington DC 20416
      </span>
    </div>
  </div>
</footer>
`;
