// Jest Snapshot v1, https://goo.gl/fbAQLP

exports[`Google Translate link to render correctly 1`] = `
<div
  className="container"
>
  <div
    className="googleTranslateElement"
    id="google_translate_element"
  />
  <li
    className="UtilityLink"
  >
    <a
      autoFocus={false}
      className="link "
      id="translate-toggle-new"
      onBlur={undefined}
      onFocus={undefined}
      onKeyDown={undefined}
      onKeyPress={[Function]}
      onTouchTap={[Function]}
      tabIndex="0"
    >
      Translate
    </a>
  </li>
</div>
`;
