// Jest Snapshot v1, https://goo.gl/fbAQLP

exports[`Google Translate link to render correctly 1`] = `
<div
  className="googleTranslate"
>
  <div
    className="hide"
    id="google_translate_element"
  />
  <li
    className="gray"
  >
    <a
      className="link "
      onClick={[Function]}
      style={Object {}}
    >
      Translate
    </a>
  </li>
</div>
`;
