// Jest Snapshot v1, https://goo.gl/fbAQLP

exports[`QuickLinks snapshot tests Future effective date is not displayed 1`] = `
<div
  className="collection"
  data-testid="quick-links"
>
  <div
    className="card oneCard"
    data-testid="documents-card"
  >
    <div
      className="titleContainer"
    >
      <h4
        className="title"
        data-testid="header"
      >
        SOPs
      </h4>
      <a
        data-testid="see-all-link"
        onClick={[Function]}
        style={Object {}}
        target="_self"
      >
        See all
      </a>
    </div>
    <hr
      className="dash dash"
      style={
        Object {
          "width": "30px",
        }
      }
    />
    <div>
      <div>
        loading
      </div>
    </div>
  </div>
</div>
`;

exports[`QuickLinks snapshot tests Most recent effective date displayed 1`] = `
<div
  className="collection"
  data-testid="quick-links"
>
  <div
    className="card oneCard"
    data-testid="documents-card"
  >
    <div
      className="titleContainer"
    >
      <h4
        className="title"
        data-testid="header"
      >
        SOPs
      </h4>
      <a
        data-testid="see-all-link"
        onClick={[Function]}
        style={Object {}}
        target="_self"
      >
        See all
      </a>
    </div>
    <hr
      className="dash dash"
      style={
        Object {
          "width": "30px",
        }
      }
    />
    <div>
      <div>
        loading
      </div>
    </div>
  </div>
</div>
`;

exports[`QuickLinks snapshot tests No SOP number so it is not displayed 1`] = `
<div
  className="collection"
  data-testid="quick-links"
>
  <div
    className="card oneCard"
    data-testid="documents-card"
  >
    <div
      className="titleContainer"
    >
      <h4
        className="title"
        data-testid="header"
      >
        SOPs
      </h4>
      <a
        data-testid="see-all-link"
        onClick={[Function]}
        style={Object {}}
        target="_self"
      >
        See all
      </a>
    </div>
    <hr
      className="dash dash"
      style={
        Object {
          "width": "30px",
        }
      }
    />
    <div>
      <div>
        loading
      </div>
    </div>
  </div>
</div>
`;

exports[`QuickLinks snapshot tests SOP number exists and is displayed 1`] = `
<div
  className="collection"
  data-testid="quick-links"
>
  <div
    className="card oneCard"
    data-testid="documents-card"
  >
    <div
      className="titleContainer"
    >
      <h4
        className="title"
        data-testid="header"
      >
        SOPs
      </h4>
      <a
        data-testid="see-all-link"
        onClick={[Function]}
        style={Object {}}
        target="_self"
      >
        See all
      </a>
    </div>
    <hr
      className="dash dash"
      style={
        Object {
          "width": "30px",
        }
      }
    />
    <div>
      <div>
        loading
      </div>
    </div>
  </div>
</div>
`;
