// Jest Snapshot v1, https://goo.gl/fbAQLP

exports[`GlobalSearch should render with one taxonomyFilter 1`] = `
<div>
  <div
    className="banner"
  >
    <h2
      className="header"
    >
      My Courses
    </h2>
  </div>
</div>
`;

exports[`GlobalSearch should render with two taxonomyFilter 1`] = `
<div>
  <div
    className="banner"
  >
    <h2
      className="header"
    >
      My Courses
    </h2>
  </div>
</div>
`;
