// Jest Snapshot v1, https://goo.gl/fbAQLP

exports[`GlobalSearch should render with one taxonomyFilter 1`] = `
<div>
  <div
    className="banner"
  >
    <h2
      className="header"
    >
      My Courses
    </h2>
    <form
      onSubmit={[Function]}
    >
      <div
        className="applyButton"
      >
        <button
          className="button alternate large primary responsive spacing"
          data-testid="button"
          type="submit"
        >
          Apply
        </button>
      </div>
    </form>
  </div>
</div>
`;

exports[`GlobalSearch should render with two taxonomyFilter 1`] = `
<div>
  <div
    className="banner"
  >
    <h2
      className="header"
    >
      My Courses
    </h2>
    <form
      onSubmit={[Function]}
    >
      <div
        className="applyButton"
      >
        <button
          className="button alternate large primary responsive spacing"
          data-testid="button"
          type="submit"
        >
          Apply
        </button>
      </div>
    </form>
  </div>
</div>
`;
