// Jest Snapshot v1, https://goo.gl/fbAQLP

exports[`happening now section renders correctly 1`] = `
<div
  className="container"
>
  <div
    className="containerDesktop"
  >
    <h2
      className="titleDesktop"
    >
      What's happening now.
    </h2>
    <div>
      <div
        className="itemDesktopFour"
      >
        <a
          onClick={[Function]}
          style={Object {}}
        >
          <img
            alt="some image"
            src="image.png"
          />
        </a>
      </div>
    </div>
    <div>
      <div
        className="itemDesktopFour"
      >
        <p
          className="itemTitleDesktop"
        >
          Title
        </p>
      </div>
    </div>
    <div>
      <div
        className="itemDesktopFour"
      >
        <button
          autoFocus={false}
          className="SmallPrimaryButton buttonDesktop "
          disabled={undefined}
          formTarget="_self"
          id={undefined}
          onKeyPress={[Function]}
          onTouchTap={[Function]}
          tabIndex="0"
        >
          LEARN MORE
        </button>
      </div>
    </div>
  </div>
  <div
    className="containerMobile"
  >
    <h2
      className="titleMobile"
    >
      What's happening now.
    </h2>
    <div
      className="itemsMobile"
    >
      <div
        className="Slider"
      >
        <div
          className="SliderInner"
          onTouchEnd={[Function]}
          onTouchMove={[Function]}
          onTouchStart={[Function]}
        >
          <div
            className="SliderSlides"
            style={
              Object {
                "transform": "translateX(-16.5%)",
                "width": "233.4%",
              }
            }
          >
            <div>
              <a
                onClick={[Function]}
                style={Object {}}
              >
                <img
                  alt="some image"
                  className="SliderItemImage"
                  src="image.png"
                />
              </a>
            </div>
            <div>
              <a
                onClick={[Function]}
                style={Object {}}
              >
                <img
                  alt="some image"
                  className="SliderItemImage"
                  src="image.png"
                />
              </a>
            </div>
            <div>
              <a
                onClick={[Function]}
                style={Object {}}
              >
                <img
                  alt="some image"
                  className="SliderItemImage"
                  src="image.png"
                />
              </a>
            </div>
          </div>
          <a
            className="SliderItemAnchor"
            onClick={[Function]}
            style={Object {}}
          >
            <p
              className="SliderItemTitle"
            >
              Title
            </p>
          </a>
        </div>
        <div
          className="SliderNav"
        >
          <button
            className="SliderNavButton SliderNavButtonActive"
            onClick={[Function]}
          />
        </div>
      </div>
    </div>
  </div>
</div>
`;
