// Jest Snapshot v1, https://goo.gl/fbAQLP

exports[`Front Page Hero should render correctly 1`] = `
<div
  className="container"
>
  <div
    className="imageContainer"
  >
    <img
      alt="Start and grow your business"
      className="heroLarge"
      src="/largeImage.jpg"
    />
    <img
      alt="medium image"
      className="heroMedium"
      src="/mediumImage.jpg"
    />
    <img
      alt="small image"
      className="heroSmall"
      src="/smallImage.jpg"
    />
  </div>
  <div
    className="boxContainer"
  >
    <div
      className="box"
    >
      <div
        className="title"
      >
        Start and grow your business
      </div>
      <div
        className="text"
      >
        Want to be an entrepreneur?
      </div>
      <button
        autoFocus={false}
        className="LargeInversePrimaryButton  "
        disabled={undefined}
        formTarget="_self"
        id="frontpage-hero-button"
        onKeyPress={[Function]}
        onTouchTap={[Function]}
        tabIndex="0"
      >
        This is a button
      </button>
    </div>
  </div>
</div>
`;
