// Jest Snapshot v1, https://goo.gl/fbAQLP

exports[`PagingLookup should render with all the information 1`] = `
<div>
  <div
    className="banner"
  >
    <h2
      className="header"
    >
      My Documents
    </h2>
  </div>
  <div
    className="result"
  >
    <div />
    <div
      className="documentCardCollection"
    >
      <div
        className="emptyDocuments"
      >
        <p
          className="emptyDocumentsMessage"
        >
          Sorry, we couldn't find any 
          documents
           matching that query.
        </p>
        <p>
          <a
            onClick={[Function]}
          >
            Clear all search filters
          </a>
        </p>
      </div>
    </div>
    <div />
  </div>
</div>
`;
