// Jest Snapshot v1, https://goo.gl/fbAQLP

exports[`Person page renders correctly 1`] = `
<div
  className="person-page personPage"
>
  <div
    className="label large"
  >
    <h6
      className="type"
    >
      Person
    </h6>
  </div>
  <div
    className="header"
  >
    <div>
      <h1>
        Thomas A. Todt
      </h1>
      <h5>
        District Director
      </h5>
      <p
        className="officeName"
      >
        Alabama District Office
      </p>
    </div>
    <div
      className="contact"
    >
      <div
        className="contact-card box contactCard"
      >
        <h6
          data-cy="contact card title"
        />
        <div
          className="row"
          data-cy="contact phone"
        >
          <div
            className="firstColumn"
          >
            <i
              alt="205-290-7009"
              aria-hidden="true"
              className="fa fa-phone"
            />
          </div>
          <div
            className="secondColumn"
          >
            <a
              dangerouslySetInnerHTML={
                Object {
                  "__html": "205-290-7009",
                }
              }
              onClick={[Function]}
              style={Object {}}
              target="_self"
            />
          </div>
        </div>
        <div
          className="row"
          data-cy="contact fax"
        >
          <div
            className="firstColumn"
          >
            <i
              alt="202-292-3808"
              aria-hidden="true"
              className="fa fa-fax"
            />
          </div>
          <div
            className="secondColumn"
          >
            <span
              dangerouslySetInnerHTML={
                Object {
                  "__html": "202-292-3808",
                }
              }
            />
          </div>
        </div>
        <div
          className="row"
          data-cy="contact email"
        >
          <div
            className="firstColumn"
          >
            <i
              alt="thomas.todt@sba.gov"
              aria-hidden="true"
              className="fa fa-envelope-o"
            />
          </div>
          <div
            className="secondColumn"
          >
            <a
              dangerouslySetInnerHTML={
                Object {
                  "__html": "thomas.todt@sba.gov",
                }
              }
              onClick={[Function]}
              style={Object {}}
              target="_self"
            />
          </div>
        </div>
      </div>
    </div>
  </div>
  <div
    className="content hasPicture"
  >
    <img
      alt="image of Thomas Todt"
      className="avatar"
      src="/sites/default/files/2019-02/Bio_Photo2.jpg"
    />
    <div
      dangerouslySetInnerHTML={
        Object {
          "__html": "Mr. Brandon Ton (pronounced “ton”) is the District Director for the SBA’s Alabama District Office, which is based in Birmingham.  He began his duties as District Director in June 2008.

In his role as District Director, Mr. Todt oversees a professional staff of 10 in the delivery of SBA’s Financial Assistance, Entrepreneurial Development, Business Training, Government Contracting and other marketing and outreach programs throughout Alabama’s 67 counties. This delivery network includes 10 Small Business Development Centers, six SCORE chapters, three Women’s Business Centers, four Certified Development Companies and dozens of lending institutions.

Before his appointment as Alabama District Director, Mr. Todt served as a contractor performing geographic information systems analysis at the Alabama Army National Guard Training Center at Fort McClellan.  He is a former US Army Officer, having served for almost twelve years on active duty in armor, military police and personnel administration roles, with duty assignments in Colorado, Texas, Alabama and Germany. His military and civilian awards include the Meritorious Service Medal and the Alabama Commendation Medal.

He also has twelve years experience in community and economic development including Manager of Marketing, Research and Economic Development, and later as Executive Vice President for a county-wide chamber of commerce in Alabama. He was also the Executive Director for a city-wide retail and commercial recruitment/promotion entity.

An Anniston native, Mr. Todt is a former small business person, having owned and operated a full service marketing firm in northeast Alabama, as well as working in several sales and marketing positions with small businesses.   He holds a Bachelor’s Degree in Marketing from the University of Alabama, and is a graduate of Leadership Calhoun County and the US Chamber of Commerce Institutes for Organization Management. 

Mr. Todt has served as chair of the State of Alabama Business Education Advisory Committee, a member of the Vocational Education State Courses of Study Committee, and a board member of the Alabama Chamber of Commerce Executives Association, as well as many other business, chamber of commerce and community initiatives.",
        }
      }
    />
  </div>
</div>
`;
