// Jest Snapshot v1, https://goo.gl/fbAQLP

exports[`PersonLookupPage should render correctly 1`] = `
<div>
  <div
    className="banner"
  >
    <h2>
      People Lookup
    </h2>
  </div>
  <div
    className="results"
  >
    <div
      className="loader container"
    >
      <img
        className="logo"
        src="test-file-stub"
      />
      <div
        className="loader"
      />
    </div>
  </div>
</div>
`;
