// Jest Snapshot v1, https://goo.gl/fbAQLP

exports[`SearchPage to match snapshot 1`] = `
<div>
  <div
    className="banner"
  >
    <h2>
      Search
    </h2>
    <div
      className="searchBoxContainer"
    >
      <div
        className="searchBarContainer"
      >
        <div
          className="textInputContainer"
        >
          <div
            className="text-input textInput"
            data-testid="search-container"
            id="search-container"
          >
            <label
              aria-label="What are you looking for?"
              className={null}
              data-testid="search-label"
              htmlFor="search"
              tabIndex="0"
            >
              What are you looking for?
            </label>
            <div
              className="container"
            >
              <input
                aria-controls="results-list"
                aria-labelledby="search"
                className="input"
                data-testid="search"
                defaultValue=""
                id="search"
                inputMode="text"
                list=""
                onBlur={[Function]}
                onChange={[Function]}
                onFocus={[Function]}
                onKeyDown={[Function]}
                onKeyUp={[Function]}
                required={true}
                type="text"
              />
            </div>
          </div>
          <div
            className="searchIcon"
          >
            <i
              className="search fa fa-search"
            />
          </div>
        </div>
        <div
          className="searchButton"
        >
          <button
            aria-controls="results-list"
            className="button alternate large primary responsive spacing"
            data-testid="button"
            id="submit-button"
            onClick={[Function]}
          >
            Search
          </button>
        </div>
      </div>
    </div>
  </div>
</div>
`;
