// Jest Snapshot v1, https://goo.gl/fbAQLP

exports[`SearchPage to match snapshot 1`] = `
<div
  className="container"
>
  <h1>
    Search
  </h1>
  <div>
    <div
      className="textInput"
    >
      <div
        className="inputContainer"
        hidden={undefined}
        id="search-container"
      >
        <label
          className="controlLabel"
          htmlFor="search"
        >
          What are you looking for?
        </label>
        <div
          className="textInputContainer"
        >
          <input
            className="textInput"
            defaultValue={undefined}
            id="search"
            onChange={undefined}
          />
        </div>
      </div>
    </div>
    <div
      className="searchButton"
    >
      <button
        autoFocus={false}
        className="SmallPrimaryButton  "
        disabled={undefined}
        formTarget="_self"
        id={undefined}
        onKeyPress={[Function]}
        onTouchTap={[Function]}
        tabIndex="0"
      >
        Search
      </button>
    </div>
  </div>
  <hr />
  <div>
    <div
      className="searchTerm"
    >
      <span>
        "
        "
      </span>
    </div>
    <div
      className="paginator"
    >
      <div
        className="container"
        id={undefined}
      >
        <p>
          <span>
            Showing  
          </span>
          <span
            className="bold"
          >
            1
              - 
            0
              
          </span>
          <span>
            of  
          </span>
          <span
            className="bold"
          >
            98
          </span>
        </p>
        <a
          className="ArrowButton "
          id={undefined}
          onClick={[Function]}
          onKeyDown={[Function]}
          tabIndex="0"
        >
          <i
            alt="previous page"
            aria-hidden="true"
            className=" fa fa-chevron-left"
          />
        </a>
        <a
          className="ArrowButton noLeftBorder"
          id={undefined}
          onClick={[Function]}
          onKeyDown={[Function]}
          tabIndex="0"
        >
          <i
            alt="next page"
            aria-hidden="true"
            className=" fa fa-chevron-right"
          />
        </a>
      </div>
    </div>
  </div>
  <div
    className="results"
  >
    <div
      className="result"
    >
      <div
        className="title"
      >
        <a
          autoFocus={false}
          className=""
          onKeyPress={[Function]}
          onTouchTap={[Function]}
          tabIndex="0"
        >
          Title
        </a>
      </div>
      <div
        className="description"
      >
        Excepturi quod vel dignissimos. Aut ut eligendi repellendus. Necessitatibus dicta commodi voluptatem molestiae praesentium hic accusamus cupiditate. Nesciunt at ab est. Voluptate et enim nisi voluptates aliquam magnam.
      </div>
      <div
        className="url"
      >
        <a
          autoFocus={false}
          className=""
          onKeyPress={[Function]}
          onTouchTap={[Function]}
          tabIndex="0"
        >
          https://sba.gov/lorem-ipsum/
        </a>
      </div>
    </div>
    <div
      className="result"
    >
      <div
        className="title"
      >
        <a
          autoFocus={false}
          className=""
          onKeyPress={[Function]}
          onTouchTap={[Function]}
          tabIndex="0"
        >
          Title
        </a>
      </div>
      <div
        className="description"
      >
        Excepturi quod vel dignissimos. Aut ut eligendi repellendus. Necessitatibus dicta commodi voluptatem molestiae praesentium hic accusamus cupiditate. Nesciunt at ab est. Voluptate et enim nisi voluptates aliquam magnam.
      </div>
      <div
        className="url"
      >
        <a
          autoFocus={false}
          className=""
          onKeyPress={[Function]}
          onTouchTap={[Function]}
          tabIndex="0"
        >
          https://sba.gov/lorem-ipsum/
        </a>
      </div>
    </div>
    <div
      className="result"
    >
      <div
        className="title"
      >
        <a
          autoFocus={false}
          className=""
          onKeyPress={[Function]}
          onTouchTap={[Function]}
          tabIndex="0"
        >
          Title
        </a>
      </div>
      <div
        className="description"
      >
        Excepturi quod vel dignissimos. Aut ut eligendi repellendus. Necessitatibus dicta commodi voluptatem molestiae praesentium hic accusamus cupiditate. Nesciunt at ab est. Voluptate et enim nisi voluptates aliquam magnam.
      </div>
      <div
        className="url"
      >
        <a
          autoFocus={false}
          className=""
          onKeyPress={[Function]}
          onTouchTap={[Function]}
          tabIndex="0"
        >
          https://sba.gov/lorem-ipsum/
        </a>
      </div>
    </div>
    <div
      className="result"
    >
      <div
        className="title"
      >
        <a
          autoFocus={false}
          className=""
          onKeyPress={[Function]}
          onTouchTap={[Function]}
          tabIndex="0"
        >
          Title
        </a>
      </div>
      <div
        className="description"
      >
        Excepturi quod vel dignissimos. Aut ut eligendi repellendus. Necessitatibus dicta commodi voluptatem molestiae praesentium hic accusamus cupiditate. Nesciunt at ab est. Voluptate et enim nisi voluptates aliquam magnam.
      </div>
      <div
        className="url"
      >
        <a
          autoFocus={false}
          className=""
          onKeyPress={[Function]}
          onTouchTap={[Function]}
          tabIndex="0"
        >
          https://sba.gov/lorem-ipsum/
        </a>
      </div>
    </div>
    <div
      className="result"
    >
      <div
        className="title"
      >
        <a
          autoFocus={false}
          className=""
          onKeyPress={[Function]}
          onTouchTap={[Function]}
          tabIndex="0"
        >
          Title
        </a>
      </div>
      <div
        className="description"
      >
        Excepturi quod vel dignissimos. Aut ut eligendi repellendus. Necessitatibus dicta commodi voluptatem molestiae praesentium hic accusamus cupiditate. Nesciunt at ab est. Voluptate et enim nisi voluptates aliquam magnam.
      </div>
      <div
        className="url"
      >
        <a
          autoFocus={false}
          className=""
          onKeyPress={[Function]}
          onTouchTap={[Function]}
          tabIndex="0"
        >
          https://sba.gov/lorem-ipsum/
        </a>
      </div>
    </div>
    <div
      className="result"
    >
      <div
        className="title"
      >
        <a
          autoFocus={false}
          className=""
          onKeyPress={[Function]}
          onTouchTap={[Function]}
          tabIndex="0"
        >
          Title
        </a>
      </div>
      <div
        className="description"
      >
        Excepturi quod vel dignissimos. Aut ut eligendi repellendus. Necessitatibus dicta commodi voluptatem molestiae praesentium hic accusamus cupiditate. Nesciunt at ab est. Voluptate et enim nisi voluptates aliquam magnam.
      </div>
      <div
        className="url"
      >
        <a
          autoFocus={false}
          className=""
          onKeyPress={[Function]}
          onTouchTap={[Function]}
          tabIndex="0"
        >
          https://sba.gov/lorem-ipsum/
        </a>
      </div>
    </div>
    <div
      className="result"
    >
      <div
        className="title"
      >
        <a
          autoFocus={false}
          className=""
          onKeyPress={[Function]}
          onTouchTap={[Function]}
          tabIndex="0"
        >
          Title
        </a>
      </div>
      <div
        className="description"
      >
        Excepturi quod vel dignissimos. Aut ut eligendi repellendus. Necessitatibus dicta commodi voluptatem molestiae praesentium hic accusamus cupiditate. Nesciunt at ab est. Voluptate et enim nisi voluptates aliquam magnam.
      </div>
      <div
        className="url"
      >
        <a
          autoFocus={false}
          className=""
          onKeyPress={[Function]}
          onTouchTap={[Function]}
          tabIndex="0"
        >
          https://sba.gov/lorem-ipsum/
        </a>
      </div>
    </div>
    <div
      className="result"
    >
      <div
        className="title"
      >
        <a
          autoFocus={false}
          className=""
          onKeyPress={[Function]}
          onTouchTap={[Function]}
          tabIndex="0"
        >
          Title
        </a>
      </div>
      <div
        className="description"
      >
        Excepturi quod vel dignissimos. Aut ut eligendi repellendus. Necessitatibus dicta commodi voluptatem molestiae praesentium hic accusamus cupiditate. Nesciunt at ab est. Voluptate et enim nisi voluptates aliquam magnam.
      </div>
      <div
        className="url"
      >
        <a
          autoFocus={false}
          className=""
          onKeyPress={[Function]}
          onTouchTap={[Function]}
          tabIndex="0"
        >
          https://sba.gov/lorem-ipsum/
        </a>
      </div>
    </div>
    <div
      className="result"
    >
      <div
        className="title"
      >
        <a
          autoFocus={false}
          className=""
          onKeyPress={[Function]}
          onTouchTap={[Function]}
          tabIndex="0"
        >
          Title
        </a>
      </div>
      <div
        className="description"
      >
        Excepturi quod vel dignissimos. Aut ut eligendi repellendus. Necessitatibus dicta commodi voluptatem molestiae praesentium hic accusamus cupiditate. Nesciunt at ab est. Voluptate et enim nisi voluptates aliquam magnam.
      </div>
      <div
        className="url"
      >
        <a
          autoFocus={false}
          className=""
          onKeyPress={[Function]}
          onTouchTap={[Function]}
          tabIndex="0"
        >
          https://sba.gov/lorem-ipsum/
        </a>
      </div>
    </div>
    <div
      className="result"
    >
      <div
        className="title"
      >
        <a
          autoFocus={false}
          className=""
          onKeyPress={[Function]}
          onTouchTap={[Function]}
          tabIndex="0"
        >
          Title
        </a>
      </div>
      <div
        className="description"
      >
        Excepturi quod vel dignissimos. Aut ut eligendi repellendus. Necessitatibus dicta commodi voluptatem molestiae praesentium hic accusamus cupiditate. Nesciunt at ab est. Voluptate et enim nisi voluptates aliquam magnam.
      </div>
      <div
        className="url"
      >
        <a
          autoFocus={false}
          className=""
          onKeyPress={[Function]}
          onTouchTap={[Function]}
          tabIndex="0"
        >
          https://sba.gov/lorem-ipsum/
        </a>
      </div>
    </div>
    <div
      className="result"
    >
      <div
        className="title"
      >
        <a
          autoFocus={false}
          className=""
          onKeyPress={[Function]}
          onTouchTap={[Function]}
          tabIndex="0"
        >
          Title
        </a>
      </div>
      <div
        className="description"
      >
        Excepturi quod vel dignissimos. Aut ut eligendi repellendus. Necessitatibus dicta commodi voluptatem molestiae praesentium hic accusamus cupiditate. Nesciunt at ab est. Voluptate et enim nisi voluptates aliquam magnam.
      </div>
      <div
        className="url"
      >
        <a
          autoFocus={false}
          className=""
          onKeyPress={[Function]}
          onTouchTap={[Function]}
          tabIndex="0"
        >
          https://sba.gov/lorem-ipsum/
        </a>
      </div>
    </div>
  </div>
  <div
    className="paginator"
  >
    <div
      className="container"
      id={undefined}
    >
      <p>
        <span>
          Showing  
        </span>
        <span
          className="bold"
        >
          1
            - 
          0
            
        </span>
        <span>
          of  
        </span>
        <span
          className="bold"
        >
          98
        </span>
      </p>
      <a
        className="ArrowButton "
        id={undefined}
        onClick={[Function]}
        onKeyDown={[Function]}
        tabIndex="0"
      >
        <i
          alt="previous page"
          aria-hidden="true"
          className=" fa fa-chevron-left"
        />
      </a>
      <a
        className="ArrowButton noLeftBorder"
        id={undefined}
        onClick={[Function]}
        onKeyDown={[Function]}
        tabIndex="0"
      >
        <i
          alt="next page"
          aria-hidden="true"
          className=" fa fa-chevron-right"
        />
      </a>
    </div>
  </div>
</div>
`;
