// Jest Snapshot v1, https://goo.gl/fbAQLP

exports[`CoursesLayout should render the first page properly 1`] = `
<div
  className="courses-layout container"
>
  <div
    className="client-paging-multiview-layout container"
  >
    <div>
      <div />
      <div
        className="paginator"
      >
        <div
          aria-label="Showing results 1 to 12 out of 25"
          className="paginator"
          role="group"
        >
          <span
            data-testid="showing results text"
          >
            Showing 
            <strong
              className="text-primary"
            >
              1
            </strong>
             
            <span
              className="spacing"
            >
              -
            </span>
             
            <strong
              className="text-primary"
            >
              12
            </strong>
             
            <span
              className="spacing"
            >
              of
            </span>
             
            <strong
              className="text-primary"
            >
              25
            </strong>
          </span>
          <button
            aria-label="Go to previous results"
            className="button large secondary"
            data-testid="previous button"
            onClick={[Function]}
          >
            <i
              alt="previous page"
              aria-hidden="true"
              className="fa fa-fw fa-chevron-left"
            />
          </button>
          <button
            aria-label="Go to next results"
            className="button large secondary"
            data-testid="next button"
            onClick={[Function]}
          >
            <i
              alt="next page"
              aria-hidden="true"
              className="fa fa-fw fa-chevron-right"
            />
          </button>
        </div>
      </div>
      <div
        className="itemContainer"
      >
        <div>
          <div
            className="cardCollection"
          >
            <div
              className="cardRow"
              id="card-row-1-0"
            >
              <div
                aria-label="card 1"
                className="card fourColumn"
                data-testid="card"
                id="card-1-1"
                tabIndex="0"
              >
                <a
                  onClick={[Function]}
                  style={Object {}}
                  target="_self"
                >
                  <img
                    alt="ANC Business Guide: 8(a) Business Development Program"
                    className="itemImage"
                    data-testid="card image"
                    id="image-1-0"
                    src="/sites/default/files/2018-02/shutterstock_649579099_500.jpg"
                  />
                </a>
                <div
                  className="content-with-image"
                >
                  <h4
                    className="itemTitle"
                    data-testid="card title"
                    id="title-1-1"
                  >
                    <a
                      onClick={[Function]}
                      style={Object {}}
                      target="_self"
                    >
                      ANC Business Guide: 8(a) Business Development Program
                    </a>
                  </h4>
                  <div>
                    <div
                      className="dashContainer"
                    >
                      <hr
                        className="dash dash"
                        id="hr-1-0"
                        style={
                          Object {
                            "width": "30px",
                          }
                        }
                      />
                    </div>
                    <p
                      className="itemSubTitle"
                      data-testid="card subtitle text"
                      id="subtitle-text-1-0"
                      tabIndex="0"
                    >
                      Overview of assistance available to Alaska Native Corporations from the 8(a) Business Development Program.
                      <a
                        classto="/course/anc-business-guide-8a-business-development-program"
                        href="javascript:void(0);"
                      >
                        ›
                      </a>
                    </p>
                  </div>
                  <a
                    data-testid="card link"
                    onClick={[Function]}
                    style={Object {}}
                    target="_self"
                  >
                    View course
                  </a>
                </div>
              </div>
              <div
                aria-label="card 2"
                className="card fourColumn"
                data-testid="card"
                id="card-1-2"
                tabIndex="0"
              >
                <a
                  onClick={[Function]}
                  style={Object {}}
                  target="_self"
                >
                  <img
                    alt="ANC Business Guide: 8(a) Business Development Program"
                    className="itemImage"
                    data-testid="card image"
                    id="image-1-1"
                    src="/sites/default/files/2018-02/shutterstock_649579099_500.jpg"
                  />
                </a>
                <div
                  className="content-with-image"
                >
                  <h4
                    className="itemTitle"
                    data-testid="card title"
                    id="title-1-2"
                  >
                    <a
                      onClick={[Function]}
                      style={Object {}}
                      target="_self"
                    >
                      ANC Business Guide: 8(a) Business Development Program
                    </a>
                  </h4>
                  <div>
                    <div
                      className="dashContainer"
                    >
                      <hr
                        className="dash dash"
                        id="hr-1-1"
                        style={
                          Object {
                            "width": "30px",
                          }
                        }
                      />
                    </div>
                    <p
                      className="itemSubTitle"
                      data-testid="card subtitle text"
                      id="subtitle-text-1-1"
                      tabIndex="0"
                    >
                      Overview of assistance available to Alaska Native Corporations from the 8(a) Business Development Program.
                      <a
                        classto="/course/anc-business-guide-8a-business-development-program"
                        href="javascript:void(0);"
                      >
                        ›
                      </a>
                    </p>
                  </div>
                  <a
                    data-testid="card link"
                    onClick={[Function]}
                    style={Object {}}
                    target="_self"
                  >
                    View course
                  </a>
                </div>
              </div>
              <div
                aria-label="card 3"
                className="card fourColumn"
                data-testid="card"
                id="card-1-3"
                tabIndex="0"
              >
                <a
                  onClick={[Function]}
                  style={Object {}}
                  target="_self"
                >
                  <img
                    alt="ANC Business Guide: 8(a) Business Development Program"
                    className="itemImage"
                    data-testid="card image"
                    id="image-1-2"
                    src="/sites/default/files/2018-02/shutterstock_649579099_500.jpg"
                  />
                </a>
                <div
                  className="content-with-image"
                >
                  <h4
                    className="itemTitle"
                    data-testid="card title"
                    id="title-1-3"
                  >
                    <a
                      onClick={[Function]}
                      style={Object {}}
                      target="_self"
                    >
                      ANC Business Guide: 8(a) Business Development Program
                    </a>
                  </h4>
                  <div>
                    <div
                      className="dashContainer"
                    >
                      <hr
                        className="dash dash"
                        id="hr-1-2"
                        style={
                          Object {
                            "width": "30px",
                          }
                        }
                      />
                    </div>
                    <p
                      className="itemSubTitle"
                      data-testid="card subtitle text"
                      id="subtitle-text-1-2"
                      tabIndex="0"
                    >
                      Overview of assistance available to Alaska Native Corporations from the 8(a) Business Development Program.
                      <a
                        classto="/course/anc-business-guide-8a-business-development-program"
                        href="javascript:void(0);"
                      >
                        ›
                      </a>
                    </p>
                  </div>
                  <a
                    data-testid="card link"
                    onClick={[Function]}
                    style={Object {}}
                    target="_self"
                  >
                    View course
                  </a>
                </div>
              </div>
              <div
                aria-label="card 4"
                className="card fourColumn"
                data-testid="card"
                id="card-1-4"
                tabIndex="0"
              >
                <a
                  onClick={[Function]}
                  style={Object {}}
                  target="_self"
                >
                  <img
                    alt="ANC Business Guide: 8(a) Business Development Program"
                    className="itemImage"
                    data-testid="card image"
                    id="image-1-3"
                    src="/sites/default/files/2018-02/shutterstock_649579099_500.jpg"
                  />
                </a>
                <div
                  className="content-with-image"
                >
                  <h4
                    className="itemTitle"
                    data-testid="card title"
                    id="title-1-4"
                  >
                    <a
                      onClick={[Function]}
                      style={Object {}}
                      target="_self"
                    >
                      ANC Business Guide: 8(a) Business Development Program
                    </a>
                  </h4>
                  <div>
                    <div
                      className="dashContainer"
                    >
                      <hr
                        className="dash dash"
                        id="hr-1-3"
                        style={
                          Object {
                            "width": "30px",
                          }
                        }
                      />
                    </div>
                    <p
                      className="itemSubTitle"
                      data-testid="card subtitle text"
                      id="subtitle-text-1-3"
                      tabIndex="0"
                    >
                      Overview of assistance available to Alaska Native Corporations from the 8(a) Business Development Program.
                      <a
                        classto="/course/anc-business-guide-8a-business-development-program"
                        href="javascript:void(0);"
                      >
                        ›
                      </a>
                    </p>
                  </div>
                  <a
                    data-testid="card link"
                    onClick={[Function]}
                    style={Object {}}
                    target="_self"
                  >
                    View course
                  </a>
                </div>
              </div>
            </div>
          </div>
          <div
            className="cardCollection"
          >
            <div
              className="cardRow"
              id="card-row-2-0"
            >
              <div
                aria-label="card 1"
                className="card fourColumn"
                data-testid="card"
                id="card-2-1"
                tabIndex="0"
              >
                <a
                  onClick={[Function]}
                  style={Object {}}
                  target="_self"
                >
                  <img
                    alt="ANC Business Guide: 8(a) Business Development Program"
                    className="itemImage"
                    data-testid="card image"
                    id="image-2-0"
                    src="/sites/default/files/2018-02/shutterstock_649579099_500.jpg"
                  />
                </a>
                <div
                  className="content-with-image"
                >
                  <h4
                    className="itemTitle"
                    data-testid="card title"
                    id="title-2-1"
                  >
                    <a
                      onClick={[Function]}
                      style={Object {}}
                      target="_self"
                    >
                      ANC Business Guide: 8(a) Business Development Program
                    </a>
                  </h4>
                  <div>
                    <div
                      className="dashContainer"
                    >
                      <hr
                        className="dash dash"
                        id="hr-2-0"
                        style={
                          Object {
                            "width": "30px",
                          }
                        }
                      />
                    </div>
                    <p
                      className="itemSubTitle"
                      data-testid="card subtitle text"
                      id="subtitle-text-2-0"
                      tabIndex="0"
                    >
                      Overview of assistance available to Alaska Native Corporations from the 8(a) Business Development Program.
                      <a
                        classto="/course/anc-business-guide-8a-business-development-program"
                        href="javascript:void(0);"
                      >
                        ›
                      </a>
                    </p>
                  </div>
                  <a
                    data-testid="card link"
                    onClick={[Function]}
                    style={Object {}}
                    target="_self"
                  >
                    View course
                  </a>
                </div>
              </div>
              <div
                aria-label="card 2"
                className="card fourColumn"
                data-testid="card"
                id="card-2-2"
                tabIndex="0"
              >
                <a
                  onClick={[Function]}
                  style={Object {}}
                  target="_self"
                >
                  <img
                    alt="ANC Business Guide: 8(a) Business Development Program"
                    className="itemImage"
                    data-testid="card image"
                    id="image-2-1"
                    src="/sites/default/files/2018-02/shutterstock_649579099_500.jpg"
                  />
                </a>
                <div
                  className="content-with-image"
                >
                  <h4
                    className="itemTitle"
                    data-testid="card title"
                    id="title-2-2"
                  >
                    <a
                      onClick={[Function]}
                      style={Object {}}
                      target="_self"
                    >
                      ANC Business Guide: 8(a) Business Development Program
                    </a>
                  </h4>
                  <div>
                    <div
                      className="dashContainer"
                    >
                      <hr
                        className="dash dash"
                        id="hr-2-1"
                        style={
                          Object {
                            "width": "30px",
                          }
                        }
                      />
                    </div>
                    <p
                      className="itemSubTitle"
                      data-testid="card subtitle text"
                      id="subtitle-text-2-1"
                      tabIndex="0"
                    >
                      Overview of assistance available to Alaska Native Corporations from the 8(a) Business Development Program.
                      <a
                        classto="/course/anc-business-guide-8a-business-development-program"
                        href="javascript:void(0);"
                      >
                        ›
                      </a>
                    </p>
                  </div>
                  <a
                    data-testid="card link"
                    onClick={[Function]}
                    style={Object {}}
                    target="_self"
                  >
                    View course
                  </a>
                </div>
              </div>
              <div
                aria-label="card 3"
                className="card fourColumn"
                data-testid="card"
                id="card-2-3"
                tabIndex="0"
              >
                <a
                  onClick={[Function]}
                  style={Object {}}
                  target="_self"
                >
                  <img
                    alt="ANC Business Guide: 8(a) Business Development Program"
                    className="itemImage"
                    data-testid="card image"
                    id="image-2-2"
                    src="/sites/default/files/2018-02/shutterstock_649579099_500.jpg"
                  />
                </a>
                <div
                  className="content-with-image"
                >
                  <h4
                    className="itemTitle"
                    data-testid="card title"
                    id="title-2-3"
                  >
                    <a
                      onClick={[Function]}
                      style={Object {}}
                      target="_self"
                    >
                      ANC Business Guide: 8(a) Business Development Program
                    </a>
                  </h4>
                  <div>
                    <div
                      className="dashContainer"
                    >
                      <hr
                        className="dash dash"
                        id="hr-2-2"
                        style={
                          Object {
                            "width": "30px",
                          }
                        }
                      />
                    </div>
                    <p
                      className="itemSubTitle"
                      data-testid="card subtitle text"
                      id="subtitle-text-2-2"
                      tabIndex="0"
                    >
                      Overview of assistance available to Alaska Native Corporations from the 8(a) Business Development Program.
                      <a
                        classto="/course/anc-business-guide-8a-business-development-program"
                        href="javascript:void(0);"
                      >
                        ›
                      </a>
                    </p>
                  </div>
                  <a
                    data-testid="card link"
                    onClick={[Function]}
                    style={Object {}}
                    target="_self"
                  >
                    View course
                  </a>
                </div>
              </div>
              <div
                aria-label="card 4"
                className="card fourColumn"
                data-testid="card"
                id="card-2-4"
                tabIndex="0"
              >
                <a
                  onClick={[Function]}
                  style={Object {}}
                  target="_self"
                >
                  <img
                    alt="ANC Business Guide: 8(a) Business Development Program"
                    className="itemImage"
                    data-testid="card image"
                    id="image-2-3"
                    src="/sites/default/files/2018-02/shutterstock_649579099_500.jpg"
                  />
                </a>
                <div
                  className="content-with-image"
                >
                  <h4
                    className="itemTitle"
                    data-testid="card title"
                    id="title-2-4"
                  >
                    <a
                      onClick={[Function]}
                      style={Object {}}
                      target="_self"
                    >
                      ANC Business Guide: 8(a) Business Development Program
                    </a>
                  </h4>
                  <div>
                    <div
                      className="dashContainer"
                    >
                      <hr
                        className="dash dash"
                        id="hr-2-3"
                        style={
                          Object {
                            "width": "30px",
                          }
                        }
                      />
                    </div>
                    <p
                      className="itemSubTitle"
                      data-testid="card subtitle text"
                      id="subtitle-text-2-3"
                      tabIndex="0"
                    >
                      Overview of assistance available to Alaska Native Corporations from the 8(a) Business Development Program.
                      <a
                        classto="/course/anc-business-guide-8a-business-development-program"
                        href="javascript:void(0);"
                      >
                        ›
                      </a>
                    </p>
                  </div>
                  <a
                    data-testid="card link"
                    onClick={[Function]}
                    style={Object {}}
                    target="_self"
                  >
                    View course
                  </a>
                </div>
              </div>
            </div>
          </div>
          <div
            className="cardCollection"
          >
            <div
              className="cardRow"
              id="card-row-3-0"
            >
              <div
                aria-label="card 1"
                className="card fourColumn"
                data-testid="card"
                id="card-3-1"
                tabIndex="0"
              >
                <a
                  onClick={[Function]}
                  style={Object {}}
                  target="_self"
                >
                  <img
                    alt="ANC Business Guide: 8(a) Business Development Program"
                    className="itemImage"
                    data-testid="card image"
                    id="image-3-0"
                    src="/sites/default/files/2018-02/shutterstock_649579099_500.jpg"
                  />
                </a>
                <div
                  className="content-with-image"
                >
                  <h4
                    className="itemTitle"
                    data-testid="card title"
                    id="title-3-1"
                  >
                    <a
                      onClick={[Function]}
                      style={Object {}}
                      target="_self"
                    >
                      ANC Business Guide: 8(a) Business Development Program
                    </a>
                  </h4>
                  <div>
                    <div
                      className="dashContainer"
                    >
                      <hr
                        className="dash dash"
                        id="hr-3-0"
                        style={
                          Object {
                            "width": "30px",
                          }
                        }
                      />
                    </div>
                    <p
                      className="itemSubTitle"
                      data-testid="card subtitle text"
                      id="subtitle-text-3-0"
                      tabIndex="0"
                    >
                      Overview of assistance available to Alaska Native Corporations from the 8(a) Business Development Program.
                      <a
                        classto="/course/anc-business-guide-8a-business-development-program"
                        href="javascript:void(0);"
                      >
                        ›
                      </a>
                    </p>
                  </div>
                  <a
                    data-testid="card link"
                    onClick={[Function]}
                    style={Object {}}
                    target="_self"
                  >
                    View course
                  </a>
                </div>
              </div>
              <div
                aria-label="card 2"
                className="card fourColumn"
                data-testid="card"
                id="card-3-2"
                tabIndex="0"
              >
                <a
                  onClick={[Function]}
                  style={Object {}}
                  target="_self"
                >
                  <img
                    alt="ANC Business Guide: 8(a) Business Development Program"
                    className="itemImage"
                    data-testid="card image"
                    id="image-3-1"
                    src="/sites/default/files/2018-02/shutterstock_649579099_500.jpg"
                  />
                </a>
                <div
                  className="content-with-image"
                >
                  <h4
                    className="itemTitle"
                    data-testid="card title"
                    id="title-3-2"
                  >
                    <a
                      onClick={[Function]}
                      style={Object {}}
                      target="_self"
                    >
                      ANC Business Guide: 8(a) Business Development Program
                    </a>
                  </h4>
                  <div>
                    <div
                      className="dashContainer"
                    >
                      <hr
                        className="dash dash"
                        id="hr-3-1"
                        style={
                          Object {
                            "width": "30px",
                          }
                        }
                      />
                    </div>
                    <p
                      className="itemSubTitle"
                      data-testid="card subtitle text"
                      id="subtitle-text-3-1"
                      tabIndex="0"
                    >
                      Overview of assistance available to Alaska Native Corporations from the 8(a) Business Development Program.
                      <a
                        classto="/course/anc-business-guide-8a-business-development-program"
                        href="javascript:void(0);"
                      >
                        ›
                      </a>
                    </p>
                  </div>
                  <a
                    data-testid="card link"
                    onClick={[Function]}
                    style={Object {}}
                    target="_self"
                  >
                    View course
                  </a>
                </div>
              </div>
              <div
                aria-label="card 3"
                className="card fourColumn"
                data-testid="card"
                id="card-3-3"
                tabIndex="0"
              >
                <a
                  onClick={[Function]}
                  style={Object {}}
                  target="_self"
                >
                  <img
                    alt="ANC Business Guide: 8(a) Business Development Program"
                    className="itemImage"
                    data-testid="card image"
                    id="image-3-2"
                    src="/sites/default/files/2018-02/shutterstock_649579099_500.jpg"
                  />
                </a>
                <div
                  className="content-with-image"
                >
                  <h4
                    className="itemTitle"
                    data-testid="card title"
                    id="title-3-3"
                  >
                    <a
                      onClick={[Function]}
                      style={Object {}}
                      target="_self"
                    >
                      ANC Business Guide: 8(a) Business Development Program
                    </a>
                  </h4>
                  <div>
                    <div
                      className="dashContainer"
                    >
                      <hr
                        className="dash dash"
                        id="hr-3-2"
                        style={
                          Object {
                            "width": "30px",
                          }
                        }
                      />
                    </div>
                    <p
                      className="itemSubTitle"
                      data-testid="card subtitle text"
                      id="subtitle-text-3-2"
                      tabIndex="0"
                    >
                      Overview of assistance available to Alaska Native Corporations from the 8(a) Business Development Program.
                      <a
                        classto="/course/anc-business-guide-8a-business-development-program"
                        href="javascript:void(0);"
                      >
                        ›
                      </a>
                    </p>
                  </div>
                  <a
                    data-testid="card link"
                    onClick={[Function]}
                    style={Object {}}
                    target="_self"
                  >
                    View course
                  </a>
                </div>
              </div>
              <div
                aria-label="card 4"
                className="card fourColumn"
                data-testid="card"
                id="card-3-4"
                tabIndex="0"
              >
                <a
                  onClick={[Function]}
                  style={Object {}}
                  target="_self"
                >
                  <img
                    alt="ANC Business Guide: 8(a) Business Development Program"
                    className="itemImage"
                    data-testid="card image"
                    id="image-3-3"
                    src="/sites/default/files/2018-02/shutterstock_649579099_500.jpg"
                  />
                </a>
                <div
                  className="content-with-image"
                >
                  <h4
                    className="itemTitle"
                    data-testid="card title"
                    id="title-3-4"
                  >
                    <a
                      onClick={[Function]}
                      style={Object {}}
                      target="_self"
                    >
                      ANC Business Guide: 8(a) Business Development Program
                    </a>
                  </h4>
                  <div>
                    <div
                      className="dashContainer"
                    >
                      <hr
                        className="dash dash"
                        id="hr-3-3"
                        style={
                          Object {
                            "width": "30px",
                          }
                        }
                      />
                    </div>
                    <p
                      className="itemSubTitle"
                      data-testid="card subtitle text"
                      id="subtitle-text-3-3"
                      tabIndex="0"
                    >
                      Overview of assistance available to Alaska Native Corporations from the 8(a) Business Development Program.
                      <a
                        classto="/course/anc-business-guide-8a-business-development-program"
                        href="javascript:void(0);"
                      >
                        ›
                      </a>
                    </p>
                  </div>
                  <a
                    data-testid="card link"
                    onClick={[Function]}
                    style={Object {}}
                    target="_self"
                  >
                    View course
                  </a>
                </div>
              </div>
            </div>
          </div>
        </div>
      </div>
      <div
        className="paginator"
      >
        <div
          aria-label="Showing results 1 to 12 out of 25"
          className="paginator"
          role="group"
        >
          <span
            data-testid="showing results text"
          >
            Showing 
            <strong
              className="text-primary"
            >
              1
            </strong>
             
            <span
              className="spacing"
            >
              -
            </span>
             
            <strong
              className="text-primary"
            >
              12
            </strong>
             
            <span
              className="spacing"
            >
              of
            </span>
             
            <strong
              className="text-primary"
            >
              25
            </strong>
          </span>
          <button
            aria-label="Go to previous results"
            className="button large secondary"
            data-testid="previous button"
            onClick={[Function]}
          >
            <i
              alt="previous page"
              aria-hidden="true"
              className="fa fa-fw fa-chevron-left"
            />
          </button>
          <button
            aria-label="Go to next results"
            className="button large secondary"
            data-testid="next button"
            onClick={[Function]}
          >
            <i
              alt="next page"
              aria-hidden="true"
              className="fa fa-fw fa-chevron-right"
            />
          </button>
        </div>
      </div>
    </div>
  </div>
</div>
`;
