// Jest Snapshot v1, https://goo.gl/fbAQLP

exports[`DetailCard renders a single activity 1`] = `<div />`;

exports[`DetailCard renders a single program 1`] = `<div />`;

exports[`DetailCard renders default data 1`] = `<div />`;

exports[`DetailCard renders no activitys when none are given 1`] = `<div />`;

exports[`DetailCard renders the summary 1`] = `<div />`;

exports[`DetailCard renders the title 1`] = `<div />`;
