// Jest Snapshot v1, https://goo.gl/fbAQLP

exports[`searchBox should have default props for document type, program and document activity, and its default labels 1`] = `ShallowWrapper {}`;

exports[`searchBox should not update state for document type, program and document acitivity 1`] = `ShallowWrapper {}`;

exports[`searchBox should render default sectionHeaderText and subtitleText, h2 and p respectively 1`] = `
<div
  className="container"
>
  <div
    className="blueParagraph"
  >
    <h2>
      Search documents, forms, and SOPs
    </h2>
    <p>
      Search by title or document number
    </p>
    <div
      className="searchBox"
    >
      <div
        className="text-input textInput"
        data-testid="document-lookup-container"
        id="document-lookup-container"
      >
        <label
          className={null}
          data-testid="document-lookup-label"
          htmlFor="document-lookup"
        />
        <div
          className="container"
        >
          <input
            aria-labelledby="document-lookup"
            className="input"
            data-testid="document-lookup"
            id="document-lookup"
            inputMode="text"
            list=""
            onBlur={[Function]}
            onChange={[Function]}
            onFocus={[Function]}
            onKeyUp={[Function]}
            placeholder="Search by title or number"
            required={true}
            type="text"
          />
        </div>
      </div>
      <div
        className="searchIcon"
      >
        <i
          className="search fa fa-search"
        />
      </div>
    </div>
    <div
      className="multiSelect"
    >
      <div
        className="select"
        data-cy="documenttype-select"
        data-testid="documenttype-select"
      >
        <label
          htmlFor="documenttype-select"
        />
        <div
          className="Select has-value is-clearable is-searchable Select--single"
        >
          <input
            disabled={false}
            name="documenttype-select"
            type="hidden"
            value="All"
          />
          <div
            className="Select-control"
            onKeyDown={[Function]}
            onMouseDown={[Function]}
            onTouchEnd={[Function]}
            onTouchMove={[Function]}
            onTouchStart={[Function]}
          >
            <span
              className="Select-multi-value-wrapper"
              id="react-select-2--value"
            >
              <div
                className="Select-value"
              >
                <span
                  aria-selected="true"
                  className="Select-value-label"
                  id="react-select-2--value-item"
                  role="option"
                >
                  All document types
                </span>
              </div>
              <div
                className="Select-input"
                style={
                  Object {
                    "display": "inline-block",
                  }
                }
              >
                <input
                  aria-activedescendant="react-select-2--value"
                  aria-expanded="false"
                  aria-haspopup="false"
                  aria-owns=""
                  onBlur={[Function]}
                  onChange={[Function]}
                  onFocus={[Function]}
                  required={false}
                  role="combobox"
                  style={
                    Object {
                      "boxSizing": "content-box",
                      "width": "5px",
                    }
                  }
                  value=""
                />
                <div
                  style={
                    Object {
                      "height": 0,
                      "left": 0,
                      "overflow": "scroll",
                      "position": "absolute",
                      "top": 0,
                      "visibility": "hidden",
                      "whiteSpace": "pre",
                    }
                  }
                >
                  
                </div>
              </div>
            </span>
            <span
              aria-label="Clear value"
              className="Select-clear-zone"
              onMouseDown={[Function]}
              onTouchEnd={[Function]}
              onTouchMove={[Function]}
              onTouchStart={[Function]}
              title="Clear value"
            >
              <span />
            </span>
            <span
              className="Select-arrow-zone"
              onMouseDown={[Function]}
            >
              <i
                alt="drop-down arrow"
                className="fa fa-chevron-down"
              />
            </span>
          </div>
        </div>
      </div>
    </div>
    <div
      className="multiSelect"
    >
      <div
        className="select"
        data-cy="program-select"
        data-testid="program-select"
      >
        <label
          htmlFor="program-select"
        />
        <div
          className="Select has-value is-clearable is-searchable Select--single"
        >
          <input
            disabled={false}
            name="program-select"
            type="hidden"
            value="All"
          />
          <div
            className="Select-control"
            onKeyDown={[Function]}
            onMouseDown={[Function]}
            onTouchEnd={[Function]}
            onTouchMove={[Function]}
            onTouchStart={[Function]}
          >
            <span
              className="Select-multi-value-wrapper"
              id="react-select-3--value"
            >
              <div
                className="Select-value"
              >
                <span
                  aria-selected="true"
                  className="Select-value-label"
                  id="react-select-3--value-item"
                  role="option"
                >
                  All programs
                </span>
              </div>
              <div
                className="Select-input"
                style={
                  Object {
                    "display": "inline-block",
                  }
                }
              >
                <input
                  aria-activedescendant="react-select-3--value"
                  aria-expanded="false"
                  aria-haspopup="false"
                  aria-owns=""
                  onBlur={[Function]}
                  onChange={[Function]}
                  onFocus={[Function]}
                  required={false}
                  role="combobox"
                  style={
                    Object {
                      "boxSizing": "content-box",
                      "width": "5px",
                    }
                  }
                  value=""
                />
                <div
                  style={
                    Object {
                      "height": 0,
                      "left": 0,
                      "overflow": "scroll",
                      "position": "absolute",
                      "top": 0,
                      "visibility": "hidden",
                      "whiteSpace": "pre",
                    }
                  }
                >
                  
                </div>
              </div>
            </span>
            <span
              aria-label="Clear value"
              className="Select-clear-zone"
              onMouseDown={[Function]}
              onTouchEnd={[Function]}
              onTouchMove={[Function]}
              onTouchStart={[Function]}
              title="Clear value"
            >
              <span />
            </span>
            <span
              className="Select-arrow-zone"
              onMouseDown={[Function]}
            >
              <i
                alt="drop-down arrow"
                className="fa fa-chevron-down"
              />
            </span>
          </div>
        </div>
      </div>
    </div>
    <div
      className="multiSelect"
    >
      <div
        className="select"
        data-cy="documentactivity-select"
        data-testid="documentactivity-select"
      >
        <label
          htmlFor="documentactivity-select"
        />
        <div
          className="Select has-value is-clearable is-searchable Select--single"
        >
          <input
            disabled={false}
            name="documentactivity-select"
            type="hidden"
            value="All"
          />
          <div
            className="Select-control"
            onKeyDown={[Function]}
            onMouseDown={[Function]}
            onTouchEnd={[Function]}
            onTouchMove={[Function]}
            onTouchStart={[Function]}
          >
            <span
              className="Select-multi-value-wrapper"
              id="react-select-4--value"
            >
              <div
                className="Select-value"
              >
                <span
                  aria-selected="true"
                  className="Select-value-label"
                  id="react-select-4--value-item"
                  role="option"
                >
                  All document activity
                </span>
              </div>
              <div
                className="Select-input"
                style={
                  Object {
                    "display": "inline-block",
                  }
                }
              >
                <input
                  aria-activedescendant="react-select-4--value"
                  aria-expanded="false"
                  aria-haspopup="false"
                  aria-owns=""
                  onBlur={[Function]}
                  onChange={[Function]}
                  onFocus={[Function]}
                  required={false}
                  role="combobox"
                  style={
                    Object {
                      "boxSizing": "content-box",
                      "width": "5px",
                    }
                  }
                  value=""
                />
                <div
                  style={
                    Object {
                      "height": 0,
                      "left": 0,
                      "overflow": "scroll",
                      "position": "absolute",
                      "top": 0,
                      "visibility": "hidden",
                      "whiteSpace": "pre",
                    }
                  }
                >
                  
                </div>
              </div>
            </span>
            <span
              aria-label="Clear value"
              className="Select-clear-zone"
              onMouseDown={[Function]}
              onTouchEnd={[Function]}
              onTouchMove={[Function]}
              onTouchStart={[Function]}
              title="Clear value"
            >
              <span />
            </span>
            <span
              className="Select-arrow-zone"
              onMouseDown={[Function]}
            >
              <i
                alt="drop-down arrow"
                className="fa fa-chevron-down"
              />
            </span>
          </div>
        </div>
      </div>
    </div>
    <div
      className="clear"
    />
    <button
      className="button alternate large primary responsive spacing"
      data-testid="button"
      onClick={[Function]}
    >
      Search
    </button>
  </div>
</div>
`;

exports[`searchBox should update default props for sectionHeaderText and subtitleText 1`] = `ShallowWrapper {}`;

exports[`searchBox should update state for document type, program, document acitivity and search term 1`] = `ShallowWrapper {}`;
